07-19 00:52:27.607  2822  7393 I ActivityManager: Process com.atss.sync (pid 21691) has died: fg  TOP 
07-19 00:52:27.611 12778 13033 I HeavyPackageIdentify: splitMode: false, splitPackages: null, foregroundPkg: com.atss.sync
07-19 00:52:27.612  2272  2272 I SurfaceFlinger: SF-MICapture: mode:0, layerName:com.atss.sync/com.atss.sync.MainActivity#98633
07-19 00:52:27.612  2272  2272 I SurfaceFlinger: SF-MICapture: mode:0, layerName:Splash Screen com.atss.sync#98623
07-19 00:52:27.615  2822  6943 D WindowManager: snapshot isNothing = false source = Task{738d80e #1090 type=standard A=10339:com.atss.sync}
07-19 00:52:27.616  5020  6178 D WindowTransitionCompat:  printLeash::taskInfo = TaskInfo{userId=0 taskId=1090 effectiveUid=10339 displayId=0 isRunning=false baseIntent=Intent { act=android.intent.action.MAIN cat=[android.intent.category.LAUNCHER] flg=0x10200000 cmp=com.atss.sync/.MainActivity } baseActivity=null topActivity=null origActivity=null realActivity=ComponentInfo{com.atss.sync/com.atss.sync.MainActivity} numActivities=0 lastActiveTime=447741802 supportsSplitScreenMultiWindow=true mSoScDisplayMode=-1 supportsMultiWindow=true resizeMode=1 isResizeable=true minWidth=-1 minHeight=-1 defaultMinSize=200 token=WCT{android.window.IWindowContainerToken$Stub$Proxy@5a14c99} topActivityType=1 pictureInPictureParams=null shouldDockBigOverlays=false launchIntoPipHostTaskId=-1 lastParentTaskIdBeforePip=-1 displayCutoutSafeInsets=Rect(0, 121 - 0, 0) topActivityInfo=null launchCookies=[] positionInParent=Point(0, 0) parentTaskId=-1 isFocused=false isVisible=true isVisibleRequested=false isTopActivityNoDisplay=false isSleeping=false locusId=null displayAreaFeatureId=1 isTopActivityTransparent=false isActivityStackTransparent=true lastNonFullscreenBounds=Rect(280, 698 - 801, 1778) capturedLink=null capturedLinkTimestamp=0 requestedVisibleTypes=-9 topActivityRequestOpenInBrowserEducationTimestamp=0 appCompatTaskInfo=AppCompatTaskInfo { topActivityInSizeCompat=false eligibleForLetterboxEducation= false topActivityInMiuiSizeCompat=false isLetterboxEducationEnabled= false isLetterboxDoubleTapEnabled= false eligibleForUserAspectRatioButton= false topActivityBoundsLetterboxed= false isFromLetterboxDoubleTap= false topActivityLetterboxVerticalPosition= -1 topActivityLetterboxHorizontalPosition= -1 topActivityLetterboxWidth=-1 topActivityLetterboxHeight=-1 topActivityAppBounds=Rect(0, 0 - 0, 0) isUserFullscreenOverrideEnabled=false isSystemFullscreenOverrideEnabled=false hasMinAspectRatioOverride=false topActivityLetterboxBounds=null cameraCompatTaskInfo=CameraCompatTaskInfo { freeformCameraCompatMode=undefined}} isImmersive=false mTopActivityRequestOrientation=-2 mStatusBarParent=null mNavBarParent=null mBehindAppLockPkg=null mOriginatingUid=0 isEmbedded=false shouldBeVisible=false isCreatedByOrganizer=false mIsCastMode=false mTopActivityMediaSize=null mTopActivityRecordName=null mTopActivityOrientation=-2 topActivityMainWindowFrame=null}
07-19 00:52:27.618  5020  6178 D TransitionUtil: get key :ComponentInfo{com.atss.sync/com.atss.sync.MainActivity}#1090
07-19 00:52:27.618  5020  6178 I TransitionUtil: get reuse leash = Surface(name=TL_Surface(name=Task=1090#98609)/@0xd27bf68_transition-leash#98627)/@0xb4d2af1, key = ComponentInfo{com.atss.sync/com.atss.sync.MainActivity}#1090
07-19 00:52:27.619  2822  4777 I CameraActivitySceneMode: decideSceneMode: ActivityStateChange isn't resumend activityName = com.atss.sync.MainActivity, displayId = 0, state = 9, mIsVideocallResumed = false
07-19 00:52:27.621 10901 10901 D AppLifecycleObserver: onReceive: com.atss.sync DESTROY
07-19 00:52:27.621 10901 10901 D PkgUtils: getApplicationInfo packageName:com.atss.sync, flags:128 applicationInfo:ApplicationInfo{49b6e6e com.atss.sync} needSecondSpace:false
07-19 00:52:27.622 31080 31080 I GoogleInputMethodService: GoogleInputMethodService.onStartInput():1460 onStartInput(EditorInfo{EditorInfo{packageName=com.atss.sync, inputType=0, inputTypeString=NULL, enableLearning=false, autoCorrection=false, autoComplete=false, imeOptions=0, privateImeOptions=null, actionName=UNSPECIFIED, actionLabel=null, initialSelStart=-1, initialSelEnd=-1, initialCapsMode=0, label=null, fieldId=0, fieldName=null, extras=Bundle[mParcelledData.dataSize=72], hintText=null, hintLocales=[]}}, false)
07-19 00:52:27.623  2822  7357 D MiuiSplitInputMethodImpl: Make sure ime layering to: Window{f0afc56 u0 com.atss.sync/com.atss.sync.MainActivity} when transition animation start
07-19 00:52:27.623 13625 13640 D BluetoothLatencyMode: ForegroundInfo{mForegroundPackageName='com.miui.home', mForegroundUid=10141, mForegroundPid=5020, mForegroundDisplayId=0, mLastForegroundPackageName='com.atss.sync', mLastForegroundUid=10339, mLastForegroundPid=21691, mLastForegroundDisplayId=0, mMultiWindowForegroundPackageName='com.miui.home', mMultiWindowForegroundUid=10141, mFlags=0}
07-19 00:52:27.623  2822  7357 D MiuiMirrorInputMethodImpl: InsetsControlTarget invalid!:Window{f0afc56 u0 com.atss.sync/com.atss.sync.MainActivity}
07-19 00:52:27.625  5020  5020 I WindowElementc4701b4: MAIN_THREAD:onClosingWindowTransitionStart closingTarget=RemoteAnimationTargetCompat{taskId=1090, mode=1, isTranslucent=false, clipRect=Rect(0, 0 - 0, 0), position=Point(0, 0), sourceContainerBounds=Rect(0, 0 - 1080, 2400), prefixOrderIndex=2, isNotInRecents=true, contentInsets=Rect(0, 0 - 0, 0), activityType=1, packageName=com.atss.sync, startBounds=Rect(0, 0 - 1080, 2400), windowType=-1}, closingTargets.homeTarget=RemoteAnimationTargetCompat{taskId=1, mode=0, isTranslucent=false, clipRect=Rect(0, 0 - 0, 0), position=Point(0, 0), sourceContainerBounds=Rect(0, 0 - 1080, 2400), prefixOrderIndex=3, isNotInRecents=false, contentInsets=Rect(0, 0 - 0, 0), activityType=2, packageName=com.miui.home, startBounds=Rect(0, 0 - 1080, 2400), windowType=-1}
07-19 00:52:27.625  5020  5020 I WindowAnimParamsProvider: getClosingWindowAnimParams closingTarget=RemoteAnimationTargetCompat{taskId=1090, mode=1, isTranslucent=false, clipRect=Rect(0, 0 - 0, 0), position=Point(0, 0), sourceContainerBounds=Rect(0, 0 - 1080, 2400), prefixOrderIndex=2, isNotInRecents=true, contentInsets=Rect(0, 0 - 0, 0), activityType=1, packageName=com.atss.sync, startBounds=Rect(0, 0 - 1080, 2400), windowType=-1}, closingTargets.homeTarget=RemoteAnimationTargetCompat{taskId=1, mode=0, isTranslucent=false, clipRect=Rect(0, 0 - 0, 0), position=Point(0, 0), sourceContainerBounds=Rect(0, 0 - 1080, 2400), prefixOrderIndex=3, isNotInRecents=false, contentInsets=Rect(0, 0 - 0, 0), activityType=2, packageName=com.miui.home, startBounds=Rect(0, 0 - 1080, 2400), windowType=-1}, closingTargets.secondTarget=null
07-19 00:52:27.625  5020  5020 I WindowAnimParamsProvider: getClosingWindowAnimParams target =RemoteAnimationTargetCompat{taskId=1090, mode=1, isTranslucent=false, clipRect=Rect(0, 0 - 0, 0), position=Point(0, 0), sourceContainerBounds=Rect(0, 0 - 1080, 2400), prefixOrderIndex=2, isNotInRecents=true, contentInsets=Rect(0, 0 - 0, 0), activityType=1, packageName=com.atss.sync, startBounds=Rect(0, 0 - 1080, 2400), windowType=-1}
07-19 00:52:27.625  5020  5020 I WindowAnimParamsProvider: getClosingWindowAnimParams getClosingShortcutIcon target= RemoteAnimationTargetCompat{taskId=1090, mode=1, isTranslucent=false, clipRect=Rect(0, 0 - 0, 0), position=Point(0, 0), sourceContainerBounds=Rect(0, 0 - 1080, 2400), prefixOrderIndex=2, isNotInRecents=true, contentInsets=Rect(0, 0 - 0, 0), activityType=1, packageName=com.atss.sync, startBounds=Rect(0, 0 - 1080, 2400), windowType=-1}
07-19 00:52:27.625  5020  5020 I WindowAnimParamsProvider: getClosingWindowAnimParams getClosingShortcutIcon task before=  [TaskKey{id=1090, stackId=0, baseIntent=Intent { act=android.intent.action.MAIN cat=[android.intent.category.LAUNCHER] flg=0x10200000 cmp=com.atss.sync/.MainActivity }, userId=0, lastActiveTime=447741610, windowingMode=1, isThumbnailBlur=false, isAccessLocked=false, isScreening=false, topActivity=ComponentInfo{com.atss.sync/com.atss.sync.MainActivity}, mHashCode=33395742}, title=ATSS, titleDescription=ATSS, bounds=null, isLaunchTarget=true, isStackTask=true, isSystemApp=false, isDockable=true, baseActivity=ComponentInfo{com.atss.sync/com.atss.sync.MainActivity}, isLocked=false, mNeedHide=false, hasMultipleTasks=false, cti1Key=, cti2Key=, cti1Task=, cti2Task=] 
07-19 00:52:27.625  5020  5020 I WindowAnimParamsProvider: getClosingWindowAnimParams getClosingShortcutIcon task after=  [TaskKey{id=1090, stackId=0, baseIntent=Intent { act=android.intent.action.MAIN cat=[android.intent.category.LAUNCHER] flg=0x10200000 cmp=com.atss.sync/.MainActivity }, userId=0, lastActiveTime=447741610, windowingMode=1, isThumbnailBlur=false, isAccessLocked=false, isScreening=false, topActivity=ComponentInfo{com.atss.sync/com.atss.sync.MainActivity}, mHashCode=33395742}, title=ATSS, titleDescription=ATSS, bounds=null, isLaunchTarget=true, isStackTask=true, isSystemApp=false, isDockable=true, baseActivity=ComponentInfo{com.atss.sync/com.atss.sync.MainActivity}, isLocked=false, mNeedHide=false, hasMultipleTasks=false, cti1Key=, cti2Key=, cti1Task=, cti2Task=] 
07-19 00:52:27.626  2822  2868 D BarFollowAnimation: isAppTaskBarOnTop win:Window{8e5f2a5 u0 com.miui.home/com.miui.home.launcher.Launcher} (mCurrentTopTask:Task{738d80e #1090 type=standard A=10339:com.atss.sync} : false); (mAssociatedTask:Task{738d80e #1090 type=standard A=10339:com.atss.sync} : false); (mHomeTask:Task{d650743 #1 type=home} : true); mReparentToOriginParent:false mLastAppBarVisible:false mLastHomeBarVisible:true
07-19 00:52:27.626  5020  5020 D WindowAnimParamsProvider: getClosingShortcutIcon:CloseShortcutIconUtils.getCloseShortcutIcon  cn=ComponentInfo{com.atss.sync/com.atss.sync.MainActivity} userId=0 currentUserId=0
07-19 00:52:27.626  5020  5020 I WindowAnimParamsProvider: getClosingWindowAnimParams secondTarget=null, launchAppAndBackHomeAnimTarget=com.miui.home.launcher.ShortcutIcon{4d2915e VFED..CL. ........ 641,1624-844,1827}(ATSS)
07-19 00:52:27.626  5020  5020 I WindowAnimParamsProvider: getUserIdFromRemoteTarget target= RemoteAnimationTargetCompat{taskId=1090, mode=1, isTranslucent=false, clipRect=Rect(0, 0 - 0, 0), position=Point(0, 0), sourceContainerBounds=Rect(0, 0 - 1080, 2400), prefixOrderIndex=2, isNotInRecents=true, contentInsets=Rect(0, 0 - 0, 0), activityType=1, packageName=com.atss.sync, startBounds=Rect(0, 0 - 1080, 2400), windowType=-1}
07-19 00:52:27.626  5020  5020 I WindowAnimParamsProvider: getUserIdFromRemoteTarget task before=  [TaskKey{id=1090, stackId=0, baseIntent=Intent { act=android.intent.action.MAIN cat=[android.intent.category.LAUNCHER] flg=0x10200000 cmp=com.atss.sync/.MainActivity }, userId=0, lastActiveTime=447741610, windowingMode=1, isThumbnailBlur=false, isAccessLocked=false, isScreening=false, topActivity=ComponentInfo{com.atss.sync/com.atss.sync.MainActivity}, mHashCode=33395742}, title=ATSS, titleDescription=ATSS, bounds=null, isLaunchTarget=true, isStackTask=true, isSystemApp=false, isDockable=true, baseActivity=ComponentInfo{com.atss.sync/com.atss.sync.MainActivity}, isLocked=false, mNeedHide=false, hasMultipleTasks=false, cti1Key=, cti2Key=, cti1Task=, cti2Task=] 
07-19 00:52:27.626  5020  5020 I WindowAnimParamsProvider: getUserIdFromRemoteTarget task after=  [TaskKey{id=1090, stackId=0, baseIntent=Intent { act=android.intent.action.MAIN cat=[android.intent.category.LAUNCHER] flg=0x10200000 cmp=com.atss.sync/.MainActivity }, userId=0, lastActiveTime=447741610, windowingMode=1, isThumbnailBlur=false, isAccessLocked=false, isScreening=false, topActivity=ComponentInfo{com.atss.sync/com.atss.sync.MainActivity}, mHashCode=33395742}, title=ATSS, titleDescription=ATSS, bounds=null, isLaunchTarget=true, isStackTask=true, isSystemApp=false, isDockable=true, baseActivity=ComponentInfo{com.atss.sync/com.atss.sync.MainActivity}, isLocked=false, mNeedHide=false, hasMultipleTasks=false, cti1Key=, cti2Key=, cti1Task=, cti2Task=] 
07-19 00:52:27.626  5020  5020 D WindowAnimParamsProvider: getUserIdFromRemoteTarget  cn=ComponentInfo{com.atss.sync/com.atss.sync.MainActivity}   userId=0
07-19 00:52:27.627  5020  5020 D FastLaunchWindowElementc4701b4: animTo, params=RectFParams(targetApps=com.miui.home.recents.util.RemoteAnimationTargetSet@5567cf8, windowAnimParams=WindowAnimParams(startRect=RectF(0.0, 0.0, 1080.0, 2400.0), targetRect=RectF(673.0, 1836.0, 811.0, 1974.0), startRadii=[118.0,118.0,22.0,22.0], endRadii=[36.75,36.75,36.75,36.75], startAlpha=1.0, endAlpha=0.0, velocityParams=VelocityParams(leftVelocity=0.0, topVelocity=0.0, widthVelocity=0.0, heightVelocity=0.0, ratioVelocity=0.0, radiusRatioVelocity=0.0, alphaVelocity=0.0), extraSpringsBundles=null), animType=CLOSE_TO_HOME, ignoreIcon=false, showTask=false, isQuickSwitchMode=false, targetView=com.miui.home.launcher.ShortcutIcon{4d2915e VFED..CL. ........ 641,1624-844,1827}(ATSS), animListener=com.miui.home.recents.anim.WindowAnimParamsProvider$getClosingWindowAnimParams$animListener$1@fb6f5d1, clipAnimationHelper=com.miui.home.recents.util.ClipAnimationHelper@728836, clearLastListener=false, currentDisplayRotation=0, homeRotation=0, gestureHomeCalculator=null, needFinishOnAnimEnd=true, currentTaskIndex=0, isSplitModeBack=false, isUseTranslucentAnim=false, runningTaskId=0, touchRange=2, hasAnimTarget=true, isCloseAppToDefaultCenter=false, isHoldSmallWindowCropForCloseToDrag=false), isRunning()=true
07-19 00:52:27.627  5020  5020 D WindowElementc4701b4: updateFloatingIconView, oldTargetView=com.miui.home.launcher.ShortcutIcon{4d2915e VFED..CL. ........ 641,1624-844,1827}(ATSS), params.targetView=com.miui.home.launcher.ShortcutIcon{4d2915e VFED..CL. ........ 641,1624-844,1827}(ATSS)
07-19 00:52:27.627  5606 30109 D HyperComm_AppMonitor: onForegroundInfoChanged: foregroundInfo = ForegroundInfo{mForegroundPackageName='com.miui.home', mForegroundUid=10141, mForegroundPid=5020, mForegroundDisplayId=0, mLastForegroundPackageName='com.atss.sync', mLastForegroundUid=10339, mLastForegroundPid=21691, mLastForegroundDisplayId=0, mMultiWindowForegroundPackageName='com.miui.home', mMultiWindowForegroundUid=10141, mFlags=0}
07-19 00:52:27.628 11299 17542 D PerfEngineController: ForegroundInfo{mForegroundPackageName='com.miui.home', mForegroundUid=10141, mForegroundPid=5020, mForegroundDisplayId=0, mLastForegroundPackageName='com.atss.sync', mLastForegroundUid=10339, mLastForegroundPid=21691, mLastForegroundDisplayId=0, mMultiWindowForegroundPackageName='com.miui.home', mMultiWindowForegroundUid=10141, mFlags=0}
07-19 00:52:27.628  5735  5735 D DynamicIslandSafeguardsController: delayExitApp: com.atss.sync com.atss.sync count = 0
07-19 00:52:27.629  5020  6701 E ActivityManagerWrapper:  mainTaskId=1090   userId=0   windowMode=1   isExcludedFromRecents=false   baseIntent=Intent { act=android.intent.action.MAIN flag=270532608 cmp=ComponentInfo{com.atss.sync/com.atss.sync.MainActivity} }
07-19 00:52:27.629 12778 14625 I GST     : forePkg: com.miui.home, preForePkg: com.atss.sync
07-19 00:52:27.630 22911  3465 I ProcessMonitor: onForegroundInfoChanged: ForegroundInfo{mForegroundPackageName='com.miui.home', mForegroundUid=10141, mForegroundPid=5020, mForegroundDisplayId=0, mLastForegroundPackageName='com.atss.sync', mLastForegroundUid=10339, mLastForegroundPid=21691, mLastForegroundDisplayId=0, mMultiWindowForegroundPackageName='com.miui.home', mMultiWindowForegroundUid=10141, mFlags=0}
07-19 00:52:27.630  2822 10773 I WindowManager: WIN DEATH: Window{f0afc56 u0 com.atss.sync/com.atss.sync.MainActivity}, mAddedWindows = [Window{f0afc56 u0 com.atss.sync/com.atss.sync.MainActivity}]
07-19 00:52:27.632  2822 10773 D BarFollowAnimation: isAppTaskBarOnTop win:Window{8e5f2a5 u0 com.miui.home/com.miui.home.launcher.Launcher} (mCurrentTopTask:Task{738d80e #1090 type=standard A=10339:com.atss.sync} : false); (mAssociatedTask:Task{738d80e #1090 type=standard A=10339:com.atss.sync} : false); (mHomeTask:Task{d650743 #1 type=home} : true); mReparentToOriginParent:false mLastAppBarVisible:false mLastHomeBarVisible:true
07-19 00:52:27.632  2822  6054 I ImeTracker: com.atss.sync:2258dd7a: onRequestHide at ORIGIN_SERVER reason HIDE_REMOVE_CLIENT fromUser false
07-19 00:52:27.632  5020  6701 D RecentsTaskLoader: reloadTasksData [TaskKey{id=1090, stackId=0, baseIntent=Intent { act=android.intent.action.MAIN cat=[android.intent.category.LAUNCHER] flg=0x10200000 cmp=com.atss.sync/.MainActivity }, userId=0, lastActiveTime=447741802, windowingMode=1, isThumbnailBlur=false, isAccessLocked=false, isScreening=false, topActivity=null, mHashCode=33395742}, title=ATSS, titleDescription=ATSS, bounds=null, isLaunchTarget=false, isStackTask=true, isSystemApp=false, isDockable=true, baseActivity=null, isLocked=false, mNeedHide=false, hasMultipleTasks=false, cti1Key=, cti2Key=, cti1Task=, cti2Task=] 
07-19 00:52:27.634 12778 14625 I GID     : PKG: com.atss.sync IG ? false
07-19 00:52:27.634  2822  6054 I ImeTracker: com.atss.sync:2258dd7a: onCancelled at PHASE_SERVER_SHOULD_HIDE
07-19 00:52:27.637 12778 14625 I GID     : PKG: com.atss.sync IG ? false
07-19 00:52:27.637  2822  7807 D ActivityTaskManager:  setSkipCaptureLayers tr: Task{738d80e #1090 type=standard A=10339:com.atss.sync}
07-19 00:52:27.638  7495  5376 I VA_WG_WakeGuideManager: handlePageChanged prevPageName:com.atss.sync/com.atss.sync.MainActivity, currPageName:com.miui.home/com.miui.home.launcher.Launcher
07-19 00:52:27.638  7495  5376 I VA_WG_WakeGuideManager: handlePageChanged onPageChanged com.atss.sync/com.atss.sync.MainActivity -> com.miui.home/com.miui.home.launcher.Launcher
07-19 00:52:27.638  5735  5735 D DynamicIslandSafeguardsController: cancelDelayExitApp com.miui.home com.atss.sync
07-19 00:52:27.639  9590  9791 I TopActivityMonitor: send TopActivityChangeEvent=TopActivityChangeEvent(prev=ComponentInfo{com.atss.sync/com.atss.sync.MainActivity}, current=ComponentInfo{com.miui.home/com.miui.home.launcher.Launcher},appChanged=true)
07-19 00:52:27.641 22911  3465 I GameBoosterService: onForegroundInfoChanged: Cur=com.miui.home	 last=com.atss.sync
07-19 00:52:27.641 22911  3465 D GameBoosterService: onGameStatusChange foreground:ForegroundInfo{mForegroundPackageName='com.miui.home', mForegroundUid=10141, mForegroundPid=5020, mForegroundDisplayId=0, mLastForegroundPackageName='com.atss.sync', mLastForegroundUid=10339, mLastForegroundPid=21691, mLastForegroundDisplayId=0, mMultiWindowForegroundPackageName='com.miui.home', mMultiWindowForegroundUid=10141, mFlags=0}
07-19 00:52:27.645  2822  2868 D BarFollowAnimation: isAppTaskBarOnTop win:Window{8e5f2a5 u0 com.miui.home/com.miui.home.launcher.Launcher} (mCurrentTopTask:Task{738d80e #1090 type=standard A=10339:com.atss.sync} : false); (mAssociatedTask:Task{738d80e #1090 type=standard A=10339:com.atss.sync} : false); (mHomeTask:Task{d650743 #1 type=home} : true); mReparentToOriginParent:false mLastAppBarVisible:false mLastHomeBarVisible:true
07-19 00:52:27.649  2822  4204 D ActivityTaskManager:  setSkipCaptureLayers tr: Task{738d80e #1090 type=standard A=10339:com.atss.sync}
07-19 00:52:27.653 22911  3465 I BeautyService: onForegroundInfoChanged: Cur=com.miui.home	 last=com.atss.sync
07-19 00:52:27.697  5020  6701 E ActivityManagerWrapper:  mainTaskId=1090   userId=0   windowMode=1   isExcludedFromRecents=false   baseIntent=Intent { act=android.intent.action.MAIN flag=270532608 cmp=ComponentInfo{com.atss.sync/com.atss.sync.MainActivity} }
07-19 00:52:27.697  5020  6701 D RecentsTaskLoader: reloadTasksData [TaskKey{id=1090, stackId=0, baseIntent=Intent { act=android.intent.action.MAIN cat=[android.intent.category.LAUNCHER] flg=0x10200000 cmp=com.atss.sync/.MainActivity }, userId=0, lastActiveTime=447741802, windowingMode=1, isThumbnailBlur=false, isAccessLocked=false, isScreening=false, topActivity=null, mHashCode=33395742}, title=ATSS, titleDescription=ATSS, bounds=null, isLaunchTarget=false, isStackTask=true, isSystemApp=false, isDockable=true, baseActivity=null, isLocked=false, mNeedHide=false, hasMultipleTasks=false, cti1Key=, cti2Key=, cti1Task=, cti2Task=] 
07-19 00:52:27.714  2822  2868 I WindowManager: StartingWindow exit animation finished, win = Window{535756e u0 Splash Screen com.atss.sync EXITING} remove = true
07-19 00:52:27.714  2822  2868 I WindowManager: wms.hideSurface mWin:Window{535756e u0 Splash Screen com.atss.sync EXITING} reason:(onExitAnimationDone) in Surface(name=Splash Screen com.atss.sync#98623)/@0x2cd0ba3
07-19 00:52:27.714  2822  2868 D WindowManager: postWindowRemoveCleanupLocked: Removing startingWindow Window{535756e u0 Splash Screen com.atss.sync} from ActivityRecord{27419074 u0 com.atss.sync/.MainActivity t1090 f} isExiting} activity = ActivityRecord{27419074 u0 com.atss.sync/.MainActivity t1090 f} isExiting}
07-19 00:52:27.715  2822  2868 D BarFollowAnimation: isAppTaskBarOnTop win:Window{8e5f2a5 u0 com.miui.home/com.miui.home.launcher.Launcher} (mCurrentTopTask:Task{738d80e #1090 type=standard A=10339:com.atss.sync} : false); (mAssociatedTask:Task{738d80e #1090 type=standard A=10339:com.atss.sync} : false); (mHomeTask:Task{d650743 #1 type=home} : true); mReparentToOriginParent:false mLastAppBarVisible:false mLastHomeBarVisible:true
07-19 00:52:27.723  2822  2868 D BarFollowAnimation: isAppTaskBarOnTop win:Window{8e5f2a5 u0 com.miui.home/com.miui.home.launcher.Launcher} (mCurrentTopTask:Task{738d80e #1090 type=standard A=10339:com.atss.sync} : false); (mAssociatedTask:Task{738d80e #1090 type=standard A=10339:com.atss.sync} : false); (mHomeTask:Task{d650743 #1 type=home} : true); mReparentToOriginParent:false mLastAppBarVisible:false mLastHomeBarVisible:true
07-19 00:52:28.132 13119 13212 I SmartAppAssistant: ExceptionManager match exception type failed for com.atss.sync
07-19 00:52:28.205 23996 23996 D BaseWidgetProvider: MIUI exposure update, ids=[11]
07-19 00:52:28.242 23996 24113 D WidgetRepository: Smart sort: eventCode=4 isExposure=true cooldownExpire=1784393516428 now=1784393548242 diff=-31814ms inCooldown=false
07-19 00:52:28.577  5020  5020 I LaunchAppAndBackHomeAnimTarget: resetShortcutIcon, icon=com.miui.home.launcher.ShortcutIcon{4d2915e VFED..CL. ......ID 641,1624-844,1827}(ATSS)
07-19 00:52:28.577  5020  5020 I LaunchAppAndBackHomeAnimTarget: resetShortcutIcon, icon=com.miui.home.launcher.ShortcutIcon{4d2915e VFED..CL. ......ID 641,1624-844,1827}(ATSS)
07-19 00:52:28.591  5020  5020 I TransitionCallback: com.android.systemui.shared.recents.utilities.WindowTransitionCallbackHelper@3a83c75 call finishMainCallback, wct = WindowContainerTransaction { changes= {} hops= [] errorCallbackToken=null taskFragmentOrganizer=null willFinishToHome=true mFinishToHome=false }, sct = android.view.SurfaceControl$Transaction@c8e951f, callback = android.window.IRemoteTransitionFinishedCallback$Stub$Proxy@88b940a, mCounterRotatorList.size = 0, mInfoExposeList.size = 2
07-19 00:52:28.595  2822  6943 I TransitionImpl: finishTransition: updateLastSurfacePosition tf=Task{738d80e #1090 type=standard A=10339:com.atss.sync}
07-19 00:52:28.596  2822  6943 D Transition: setToBackByHome for Task{738d80e #1090 type=standard A=10339:com.atss.sync}
07-19 00:52:28.596  2

